[2025-12-18 16:45:16] production.ERROR: file_get_contents(C:\Users\Asus\OneDrive\Documents\Kuliah\Semester5\HCI\HackerShelf\.env): Failed to open stream: No such file or directory {"exception":"[object] (ErrorException(code: 0): file_get_contents(C:\\Users\\Asus\\OneDrive\\Documents\\Kuliah\\Semester5\\HCI\\HackerShelf\\.env): Failed to open stream: No such file or directory at C:\\Users\\Asus\\OneDrive\\Documents\\Kuliah\\Semester5\\HCI\\HackerShelf\\vendor\\laravel\\framework\\src\\Illuminate\\Foundation\\Console\\KeyGenerateCommand.php:100)
[stacktrace]
#0 C:\\Users\\Asus\\OneDrive\\Documents\\Kuliah\\Semester5\\HCI\\HackerShelf\\vendor\\laravel\\framework\\src\\Illuminate\\Foundation\\Bootstrap\\HandleExceptions.php(258): Illuminate\\Foundation\\Bootstrap\\HandleExceptions->handleError(2, 'file_get_conten...', 'C:\\\\Users\\\\Asus\\\\O...', 100)
#1 [internal function]: Illuminate\\Foundation\\Bootstrap\\HandleExceptions->Illuminate\\Foundation\\Bootstrap\\{closure}(2, 'file_get_conten...', 'C:\\\\Users\\\\Asus\\\\O...', 100)
#2 C:\\Users\\Asus\\OneDrive\\Documents\\Kuliah\\Semester5\\HCI\\HackerShelf\\vendor\\laravel\\framework\\src\\Illuminate\\Foundation\\Console\\KeyGenerateCommand.php(100): file_get_contents('C:\\\\Users\\\\Asus\\\\O...')
#3 C:\\Users\\Asus\\OneDrive\\Documents\\Kuliah\\Semester5\\HCI\\HackerShelf\\vendor\\laravel\\framework\\src\\Illuminate\\Foundation\\Console\\KeyGenerateCommand.php(82): Illuminate\\Foundation\\Console\\KeyGenerateCommand->writeNewEnvironmentFileWith('base64:/4W7fP6K...')
#4 C:\\Users\\Asus\\OneDrive\\Documents\\Kuliah\\Semester5\\HCI\\HackerShelf\\vendor\\laravel\\framework\\src\\Illuminate\\Foundation\\Console\\KeyGenerateCommand.php(47): Illuminate\\Foundation\\Console\\KeyGenerateCommand->setKeyInEnvironmentFile('base64:/4W7fP6K...')
#5 C:\\Users\\Asus\\OneDrive\\Documents\\Kuliah\\Semester5\\HCI\\HackerShelf\\vendor\\laravel\\framework\\src\\Illuminate\\Container\\BoundMethod.php(36): Illuminate\\Foundation\\Console\\KeyGenerateCommand->handle()
#6 C:\\Users\\Asus\\OneDrive\\Documents\\Kuliah\\Semester5\\HCI\\HackerShelf\\vendor\\laravel\\framework\\src\\Illuminate\\Container\\Util.php(43): Illuminate\\Container\\BoundMethod::Illuminate\\Container\\{closure}()
#7 C:\\Users\\Asus\\OneDrive\\Documents\\Kuliah\\Semester5\\HCI\\HackerShelf\\vendor\\laravel\\framework\\src\\Illuminate\\Container\\BoundMethod.php(96): Illuminate\\Container\\Util::unwrapIfClosure(Object(Closure))
#8 C:\\Users\\Asus\\OneDrive\\Documents\\Kuliah\\Semester5\\HCI\\HackerShelf\\vendor\\laravel\\framework\\src\\Illuminate\\Container\\BoundMethod.php(35): Illuminate\\Container\\BoundMethod::callBoundMethod(Object(Illuminate\\Foundation\\Application), Array, Object(Closure))
#9 C:\\Users\\Asus\\OneDrive\\Documents\\Kuliah\\Semester5\\HCI\\HackerShelf\\vendor\\laravel\\framework\\src\\Illuminate\\Container\\Container.php(836): Illuminate\\Container\\BoundMethod::call(Object(Illuminate\\Foundation\\Application), Array, Array, NULL)
#10 C:\\Users\\Asus\\OneDrive\\Documents\\Kuliah\\Semester5\\HCI\\HackerShelf\\vendor\\laravel\\framework\\src\\Illuminate\\Console\\Command.php(211): Illuminate\\Container\\Container->call(Array)
#11 C:\\Users\\Asus\\OneDrive\\Documents\\Kuliah\\Semester5\\HCI\\HackerShelf\\vendor\\symfony\\console\\Command\\Command.php(318): Illuminate\\Console\\Command->execute(Object(Symfony\\Component\\Console\\Input\\ArgvInput), Object(Illuminate\\Console\\OutputStyle))
#12 C:\\Users\\Asus\\OneDrive\\Documents\\Kuliah\\Semester5\\HCI\\HackerShelf\\vendor\\laravel\\framework\\src\\Illuminate\\Console\\Command.php(180): Symfony\\Component\\Console\\Command\\Command->run(Object(Symfony\\Component\\Console\\Input\\ArgvInput), Object(Illuminate\\Console\\OutputStyle))
#13 C:\\Users\\Asus\\OneDrive\\Documents\\Kuliah\\Semester5\\HCI\\HackerShelf\\vendor\\symfony\\console\\Application.php(1110): Illuminate\\Console\\Command->run(Object(Symfony\\Component\\Console\\Input\\ArgvInput), Object(Symfony\\Component\\Console\\Output\\ConsoleOutput))
#14 C:\\Users\\Asus\\OneDrive\\Documents\\Kuliah\\Semester5\\HCI\\HackerShelf\\vendor\\symfony\\console\\Application.php(359): Symfony\\Component\\Console\\Application->doRunCommand(Object(Illuminate\\Foundation\\Console\\KeyGenerateCommand), Object(Symfony\\Component\\Console\\Input\\ArgvInput), Object(Symfony\\Component\\Console\\Output\\ConsoleOutput))
#15 C:\\Users\\Asus\\OneDrive\\Documents\\Kuliah\\Semester5\\HCI\\HackerShelf\\vendor\\symfony\\console\\Application.php(194): Symfony\\Component\\Console\\Application->doRun(Object(Symfony\\Component\\Console\\Input\\ArgvInput), Object(Symfony\\Component\\Console\\Output\\ConsoleOutput))
#16 C:\\Users\\Asus\\OneDrive\\Documents\\Kuliah\\Semester5\\HCI\\HackerShelf\\vendor\\laravel\\framework\\src\\Illuminate\\Foundation\\Console\\Kernel.php(197): Symfony\\Component\\Console\\Application->run(Object(Symfony\\Component\\Console\\Input\\ArgvInput), Object(Symfony\\Component\\Console\\Output\\ConsoleOutput))
#17 C:\\Users\\Asus\\OneDrive\\Documents\\Kuliah\\Semester5\\HCI\\HackerShelf\\vendor\\laravel\\framework\\src\\Illuminate\\Foundation\\Application.php(1235): Illuminate\\Foundation\\Console\\Kernel->handle(Object(Symfony\\Component\\Console\\Input\\ArgvInput), Object(Symfony\\Component\\Console\\Output\\ConsoleOutput))
#18 C:\\Users\\Asus\\OneDrive\\Documents\\Kuliah\\Semester5\\HCI\\HackerShelf\\artisan(16): Illuminate\\Foundation\\Application->handleCommand(Object(Symfony\\Component\\Console\\Input\\ArgvInput))
#19 {main}
"} 
[2025-12-18 16:47:55] local.ERROR: SQLSTATE[42S02]: Base table or view not found: 1146 Table 'aol_hci.categories' doesn't exist (Connection: mysql, SQL: select * from `categories`) {"exception":"[object] (Illuminate\\Database\\QueryException(code: 42S02): SQLSTATE[42S02]: Base table or view not found: 1146 Table 'aol_hci.categories' doesn't exist (Connection: mysql, SQL: select * from `categories`) at C:\\Users\\Asus\\OneDrive\\Documents\\Kuliah\\Semester5\\HCI\\HackerShelf\\vendor\\laravel\\framework\\src\\Illuminate\\Database\\Connection.php:824)
[stacktrace]
#0 C:\\Users\\Asus\\OneDrive\\Documents\\Kuliah\\Semester5\\HCI\\HackerShelf\\vendor\\laravel\\framework\\src\\Illuminate\\Database\\Connection.php(778): Illuminate\\Database\\Connection->runQueryCallback('select * from `...', Array, Object(Closure))
#1 C:\\Users\\Asus\\OneDrive\\Documents\\Kuliah\\Semester5\\HCI\\HackerShelf\\vendor\\laravel\\framework\\src\\Illuminate\\Database\\Connection.php(397): Illuminate\\Database\\Connection->run('select * from `...', Array, Object(Closure))
#2 C:\\Users\\Asus\\OneDrive\\Documents\\Kuliah\\Semester5\\HCI\\HackerShelf\\vendor\\laravel\\framework\\src\\Illuminate\\Database\\Query\\Builder.php(3188): Illuminate\\Database\\Connection->select('select * from `...', Array, true)
#3 C:\\Users\\Asus\\OneDrive\\Documents\\Kuliah\\Semester5\\HCI\\HackerShelf\\vendor\\laravel\\framework\\src\\Illuminate\\Database\\Query\\Builder.php(3173): Illuminate\\Database\\Query\\Builder->runSelect()
#4 C:\\Users\\Asus\\OneDrive\\Documents\\Kuliah\\Semester5\\HCI\\HackerShelf\\vendor\\laravel\\framework\\src\\Illuminate\\Database\\Query\\Builder.php(3763): Illuminate\\Database\\Query\\Builder->Illuminate\\Database\\Query\\{closure}()
#5 C:\\Users\\Asus\\OneDrive\\Documents\\Kuliah\\Semester5\\HCI\\HackerShelf\\vendor\\laravel\\framework\\src\\Illuminate\\Database\\Query\\Builder.php(3172): Illuminate\\Database\\Query\\Builder->onceWithColumns(Array, Object(Closure))
#6 C:\\Users\\Asus\\OneDrive\\Documents\\Kuliah\\Semester5\\HCI\\HackerShelf\\vendor\\laravel\\framework\\src\\Illuminate\\Database\\Eloquent\\Builder.php(902): Illuminate\\Database\\Query\\Builder->get(Array)
#7 C:\\Users\\Asus\\OneDrive\\Documents\\Kuliah\\Semester5\\HCI\\HackerShelf\\vendor\\laravel\\framework\\src\\Illuminate\\Database\\Eloquent\\Builder.php(884): Illuminate\\Database\\Eloquent\\Builder->getModels(Array)
#8 C:\\Users\\Asus\\OneDrive\\Documents\\Kuliah\\Semester5\\HCI\\HackerShelf\\vendor\\laravel\\framework\\src\\Illuminate\\Database\\Eloquent\\Model.php(770): Illuminate\\Database\\Eloquent\\Builder->get(Array)
#9 C:\\Users\\Asus\\OneDrive\\Documents\\Kuliah\\Semester5\\HCI\\HackerShelf\\app\\Http\\Controllers\\UserController.php(30): Illuminate\\Database\\Eloquent\\Model::all()
#10 C:\\Users\\Asus\\OneDrive\\Documents\\Kuliah\\Semester5\\HCI\\HackerShelf\\vendor\\laravel\\framework\\src\\Illuminate\\Routing\\ControllerDispatcher.php(46): App\\Http\\Controllers\\UserController->seeHome()
#11 C:\\Users\\Asus\\OneDrive\\Documents\\Kuliah\\Semester5\\HCI\\HackerShelf\\vendor\\laravel\\framework\\src\\Illuminate\\Routing\\Route.php(265): Illuminate\\Routing\\ControllerDispatcher->dispatch(Object(Illuminate\\Routing\\Route), Object(App\\Http\\Controllers\\UserController), 'seeHome')
#12 C:\\Users\\Asus\\OneDrive\\Documents\\Kuliah\\Semester5\\HCI\\HackerShelf\\vendor\\laravel\\framework\\src\\Illuminate\\Routing\\Route.php(211): Illuminate\\Routing\\Route->runController()
#13 C:\\Users\\Asus\\OneDrive\\Documents\\Kuliah\\Semester5\\HCI\\HackerShelf\\vendor\\laravel\\framework\\src\\Illuminate\\Routing\\Router.php(822): Illuminate\\Routing\\Route->run()
#14 C:\\Users\\Asus\\OneDrive\\Documents\\Kuliah\\Semester5\\HCI\\HackerShelf\\vendor\\laravel\\framework\\src\\Illuminate\\Pipeline\\Pipeline.php(180): Illuminate\\Routing\\Router->Illuminate\\Routing\\{closure}(Object(Illuminate\\Http\\Request))
#15 C:\\Users\\Asus\\OneDrive\\Documents\\Kuliah\\Semester5\\HCI\\HackerShelf\\vendor\\laravel\\framework\\src\\Illuminate\\Routing\\Middleware\\SubstituteBindings.php(50): Illuminate\\Pipeline\\Pipeline->Illuminate\\Pipeline\\{closure}(Object(Illuminate\\Http\\Request))
#16 C:\\Users\\Asus\\OneDrive\\Documents\\Kuliah\\Semester5\\HCI\\HackerShelf\\vendor\\laravel\\framework\\src\\Illuminate\\Pipeline\\Pipeline.php(219): Illuminate\\Routing\\Middleware\\SubstituteBindings->handle(Object(Illuminate\\Http\\Request), Object(Closure))
#17 C:\\Users\\Asus\\OneDrive\\Documents\\Kuliah\\Semester5\\HCI\\HackerShelf\\vendor\\laravel\\framework\\src\\Illuminate\\Foundation\\Http\\Middleware\\VerifyCsrfToken.php(87): Illuminate\\Pipeline\\Pipeline->Illuminate\\Pipeline\\{closure}(Object(Illuminate\\Http\\Request))
#18 C:\\Users\\Asus\\OneDrive\\Documents\\Kuliah\\Semester5\\HCI\\HackerShelf\\vendor\\laravel\\framework\\src\\Illuminate\\Pipeline\\Pipeline.php(219): Illuminate\\Foundation\\Http\\Middleware\\VerifyCsrfToken->handle(Object(Illuminate\\Http\\Request), Object(Closure))
#19 C:\\Users\\Asus\\OneDrive\\Documents\\Kuliah\\Semester5\\HCI\\HackerShelf\\vendor\\laravel\\framework\\src\\Illuminate\\View\\Middleware\\ShareErrorsFromSession.php(48): Illuminate\\Pipeline\\Pipeline->Illuminate\\Pipeline\\{closure}(Object(Illuminate\\Http\\Request))
#20 C:\\Users\\Asus\\OneDrive\\Documents\\Kuliah\\Semester5\\HCI\\HackerShelf\\vendor\\laravel\\framework\\src\\Illuminate\\Pipeline\\Pipeline.php(219): Illuminate\\View\\Middleware\\ShareErrorsFromSession->handle(Object(Illuminate\\Http\\Request), Object(Closure))
#21 C:\\Users\\Asus\\OneDrive\\Documents\\Kuliah\\Semester5\\HCI\\HackerShelf\\vendor\\laravel\\framework\\src\\Illuminate\\Session\\Middleware\\StartSession.php(120): Illuminate\\Pipeline\\Pipeline->Illuminate\\Pipeline\\{closure}(Object(Illuminate\\Http\\Request))
#22 C:\\Users\\Asus\\OneDrive\\Documents\\Kuliah\\Semester5\\HCI\\HackerShelf\\vendor\\laravel\\framework\\src\\Illuminate\\Session\\Middleware\\StartSession.php(63): Illuminate\\Session\\Middleware\\StartSession->handleStatefulRequest(Object(Illuminate\\Http\\Request), Object(Illuminate\\Session\\Store), Object(Closure))
#23 C:\\Users\\Asus\\OneDrive\\Documents\\Kuliah\\Semester5\\HCI\\HackerShelf\\vendor\\laravel\\framework\\src\\Illuminate\\Pipeline\\Pipeline.php(219): Illuminate\\Session\\Middleware\\StartSession->handle(Object(Illuminate\\Http\\Request), Object(Closure))
#24 C:\\Users\\Asus\\OneDrive\\Documents\\Kuliah\\Semester5\\HCI\\HackerShelf\\vendor\\laravel\\framework\\src\\Illuminate\\Cookie\\Middleware\\AddQueuedCookiesToResponse.php(36): Illuminate\\Pipeline\\Pipeline->Illuminate\\Pipeline\\{closure}(Object(Illuminate\\Http\\Request))
#25 C:\\Users\\Asus\\OneDrive\\Documents\\Kuliah\\Semester5\\HCI\\HackerShelf\\vendor\\laravel\\framework\\src\\Illuminate\\Pipeline\\Pipeline.php(219): Illuminate\\Cookie\\Middleware\\AddQueuedCookiesToResponse->handle(Object(Illuminate\\Http\\Request), Object(Closure))
#26 C:\\Users\\Asus\\OneDrive\\Documents\\Kuliah\\Semester5\\HCI\\HackerShelf\\vendor\\laravel\\framework\\src\\Illuminate\\Cookie\\Middleware\\EncryptCookies.php(74): Illuminate\\Pipeline\\Pipeline->Illuminate\\Pipeline\\{closure}(Object(Illuminate\\Http\\Request))
#27 C:\\Users\\Asus\\OneDrive\\Documents\\Kuliah\\Semester5\\HCI\\HackerShelf\\vendor\\laravel\\framework\\src\\Illuminate\\Pipeline\\Pipeline.php(219): Illuminate\\Cookie\\Middleware\\EncryptCookies->handle(Object(Illuminate\\Http\\Request), Object(Closure))
#28 C:\\Users\\Asus\\OneDrive\\Documents\\Kuliah\\Semester5\\HCI\\HackerShelf\\vendor\\laravel\\framework\\src\\Illuminate\\Pipeline\\Pipeline.php(137): Illuminate\\Pipeline\\Pipeline->Illuminate\\Pipeline\\{closure}(Object(Illuminate\\Http\\Request))
#29 C:\\Users\\Asus\\OneDrive\\Documents\\Kuliah\\Semester5\\HCI\\HackerShelf\\vendor\\laravel\\framework\\src\\Illuminate\\Routing\\Router.php(821): Illuminate\\Pipeline\\Pipeline->then(Object(Closure))
#30 C:\\Users\\Asus\\OneDrive\\Documents\\Kuliah\\Semester5\\HCI\\HackerShelf\\vendor\\laravel\\framework\\src\\Illuminate\\Routing\\Router.php(800): Illuminate\\Routing\\Router->runRouteWithinStack(Object(Illuminate\\Routing\\Route), Object(Illuminate\\Http\\Request))
#31 C:\\Users\\Asus\\OneDrive\\Documents\\Kuliah\\Semester5\\HCI\\HackerShelf\\vendor\\laravel\\framework\\src\\Illuminate\\Routing\\Router.php(764): Illuminate\\Routing\\Router->runRoute(Object(Illuminate\\Http\\Request), Object(Illuminate\\Routing\\Route))
#32 C:\\Users\\Asus\\OneDrive\\Documents\\Kuliah\\Semester5\\HCI\\HackerShelf\\vendor\\laravel\\framework\\src\\Illuminate\\Routing\\Router.php(753): Illuminate\\Routing\\Router->dispatchToRoute(Object(Illuminate\\Http\\Request))
#33 C:\\Users\\Asus\\OneDrive\\Documents\\Kuliah\\Semester5\\HCI\\HackerShelf\\vendor\\laravel\\framework\\src\\Illuminate\\Foundation\\Http\\Kernel.php(200): Illuminate\\Routing\\Router->dispatch(Object(Illuminate\\Http\\Request))
#34 C:\\Users\\Asus\\OneDrive\\Documents\\Kuliah\\Semester5\\HCI\\HackerShelf\\vendor\\laravel\\framework\\src\\Illuminate\\Pipeline\\Pipeline.php(180): Illuminate\\Foundation\\Http\\Kernel->Illuminate\\Foundation\\Http\\{closure}(Object(Illuminate\\Http\\Request))
#35 C:\\Users\\Asus\\OneDrive\\Documents\\Kuliah\\Semester5\\HCI\\HackerShelf\\vendor\\laravel\\framework\\src\\Illuminate\\Foundation\\Http\\Middleware\\TransformsRequest.php(21): Illuminate\\Pipeline\\Pipeline->Illuminate\\Pipeline\\{closure}(Object(Illuminate\\Http\\Request))
#36 C:\\Users\\Asus\\OneDrive\\Documents\\Kuliah\\Semester5\\HCI\\HackerShelf\\vendor\\laravel\\framework\\src\\Illuminate\\Foundation\\Http\\Middleware\\ConvertEmptyStringsToNull.php(31): Illuminate\\Foundation\\Http\\Middleware\\TransformsRequest->handle(Object(Illuminate\\Http\\Request), Object(Closure))
#37 C:\\Users\\Asus\\OneDrive\\Documents\\Kuliah\\Semester5\\HCI\\HackerShelf\\vendor\\laravel\\framework\\src\\Illuminate\\Pipeline\\Pipeline.php(219): Illuminate\\Foundation\\Http\\Middleware\\ConvertEmptyStringsToNull->handle(Object(Illuminate\\Http\\Request), Object(Closure))
#38 C:\\Users\\Asus\\OneDrive\\Documents\\Kuliah\\Semester5\\HCI\\HackerShelf\\vendor\\laravel\\framework\\src\\Illuminate\\Foundation\\Http\\Middleware\\TransformsRequest.php(21): Illuminate\\Pipeline\\Pipeline->Illuminate\\Pipeline\\{closure}(Object(Illuminate\\Http\\Request))
#39 C:\\Users\\Asus\\OneDrive\\Documents\\Kuliah\\Semester5\\HCI\\HackerShelf\\vendor\\laravel\\framework\\src\\Illuminate\\Foundation\\Http\\Middleware\\TrimStrings.php(51): Illuminate\\Foundation\\Http\\Middleware\\TransformsRequest->handle(Object(Illuminate\\Http\\Request), Object(Closure))
#40 C:\\Users\\Asus\\OneDrive\\Documents\\Kuliah\\Semester5\\HCI\\HackerShelf\\vendor\\laravel\\framework\\src\\Illuminate\\Pipeline\\Pipeline.php(219): Illuminate\\Foundation\\Http\\Middleware\\TrimStrings->handle(Object(Illuminate\\Http\\Request), Object(Closure))
#41 C:\\Users\\Asus\\OneDrive\\Documents\\Kuliah\\Semester5\\HCI\\HackerShelf\\vendor\\laravel\\framework\\src\\Illuminate\\Http\\Middleware\\ValidatePostSize.php(27): Illuminate\\Pipeline\\Pipeline->Illuminate\\Pipeline\\{closure}(Object(Illuminate\\Http\\Request))
#42 C:\\Users\\Asus\\OneDrive\\Documents\\Kuliah\\Semester5\\HCI\\HackerShelf\\vendor\\laravel\\framework\\src\\Illuminate\\Pipeline\\Pipeline.php(219): Illuminate\\Http\\Middleware\\ValidatePostSize->handle(Object(Illuminate\\Http\\Request), Object(Closure))
#43 C:\\Users\\Asus\\OneDrive\\Documents\\Kuliah\\Semester5\\HCI\\HackerShelf\\vendor\\laravel\\framework\\src\\Illuminate\\Foundation\\Http\\Middleware\\PreventRequestsDuringMaintenance.php(109): Illuminate\\Pipeline\\Pipeline->Illuminate\\Pipeline\\{closure}(Object(Illuminate\\Http\\Request))
#44 C:\\Users\\Asus\\OneDrive\\Documents\\Kuliah\\Semester5\\HCI\\HackerShelf\\vendor\\laravel\\framework\\src\\Illuminate\\Pipeline\\Pipeline.php(219): Illuminate\\Foundation\\Http\\Middleware\\PreventRequestsDuringMaintenance->handle(Object(Illuminate\\Http\\Request), Object(Closure))
#45 C:\\Users\\Asus\\OneDrive\\Documents\\Kuliah\\Semester5\\HCI\\HackerShelf\\vendor\\laravel\\framework\\src\\Illuminate\\Http\\Middleware\\HandleCors.php(48): Illuminate\\Pipeline\\Pipeline->Illuminate\\Pipeline\\{closure}(Object(Illuminate\\Http\\Request))
#46 C:\\Users\\Asus\\OneDrive\\Documents\\Kuliah\\Semester5\\HCI\\HackerShelf\\vendor\\laravel\\framework\\src\\Illuminate\\Pipeline\\Pipeline.php(219): Illuminate\\Http\\Middleware\\HandleCors->handle(Object(Illuminate\\Http\\Request), Object(Closure))
#47 C:\\Users\\Asus\\OneDrive\\Documents\\Kuliah\\Semester5\\HCI\\HackerShelf\\vendor\\laravel\\framework\\src\\Illuminate\\Http\\Middleware\\TrustProxies.php(58): Illuminate\\Pipeline\\Pipeline->Illuminate\\Pipeline\\{closure}(Object(Illuminate\\Http\\Request))
#48 C:\\Users\\Asus\\OneDrive\\Documents\\Kuliah\\Semester5\\HCI\\HackerShelf\\vendor\\laravel\\framework\\src\\Illuminate\\Pipeline\\Pipeline.php(219): Illuminate\\Http\\Middleware\\TrustProxies->handle(Object(Illuminate\\Http\\Request), Object(Closure))
#49 C:\\Users\\Asus\\OneDrive\\Documents\\Kuliah\\Semester5\\HCI\\HackerShelf\\vendor\\laravel\\framework\\src\\Illuminate\\Foundation\\Http\\Middleware\\InvokeDeferredCallbacks.php(22): Illuminate\\Pipeline\\Pipeline->Illuminate\\Pipeline\\{closure}(Object(Illuminate\\Http\\Request))
#50 C:\\Users\\Asus\\OneDrive\\Documents\\Kuliah\\Semester5\\HCI\\HackerShelf\\vendor\\laravel\\framework\\src\\Illuminate\\Pipeline\\Pipeline.php(219): Illuminate\\Foundation\\Http\\Middleware\\InvokeDeferredCallbacks->handle(Object(Illuminate\\Http\\Request), Object(Closure))
#51 C:\\Users\\Asus\\OneDrive\\Documents\\Kuliah\\Semester5\\HCI\\HackerShelf\\vendor\\laravel\\framework\\src\\Illuminate\\Http\\Middleware\\ValidatePathEncoding.php(26): Illuminate\\Pipeline\\Pipeline->Illuminate\\Pipeline\\{closure}(Object(Illuminate\\Http\\Request))
#52 C:\\Users\\Asus\\OneDrive\\Documents\\Kuliah\\Semester5\\HCI\\HackerShelf\\vendor\\laravel\\framework\\src\\Illuminate\\Pipeline\\Pipeline.php(219): Illuminate\\Http\\Middleware\\ValidatePathEncoding->handle(Object(Illuminate\\Http\\Request), Object(Closure))
#53 C:\\Users\\Asus\\OneDrive\\Documents\\Kuliah\\Semester5\\HCI\\HackerShelf\\vendor\\laravel\\framework\\src\\Illuminate\\Pipeline\\Pipeline.php(137): Illuminate\\Pipeline\\Pipeline->Illuminate\\Pipeline\\{closure}(Object(Illuminate\\Http\\Request))
#54 C:\\Users\\Asus\\OneDrive\\Documents\\Kuliah\\Semester5\\HCI\\HackerShelf\\vendor\\laravel\\framework\\src\\Illuminate\\Foundation\\Http\\Kernel.php(175): Illuminate\\Pipeline\\Pipeline->then(Object(Closure))
#55 C:\\Users\\Asus\\OneDrive\\Documents\\Kuliah\\Semester5\\HCI\\HackerShelf\\vendor\\laravel\\framework\\src\\Illuminate\\Foundation\\Http\\Kernel.php(144): Illuminate\\Foundation\\Http\\Kernel->sendRequestThroughRouter(Object(Illuminate\\Http\\Request))
#56 C:\\Users\\Asus\\OneDrive\\Documents\\Kuliah\\Semester5\\HCI\\HackerShelf\\vendor\\laravel\\framework\\src\\Illuminate\\Foundation\\Application.php(1220): Illuminate\\Foundation\\Http\\Kernel->handle(Object(Illuminate\\Http\\Request))
#57 C:\\Users\\Asus\\OneDrive\\Documents\\Kuliah\\Semester5\\HCI\\HackerShelf\\public\\index.php(20): Illuminate\\Foundation\\Application->handleRequest(Object(Illuminate\\Http\\Request))
#58 C:\\Users\\Asus\\OneDrive\\Documents\\Kuliah\\Semester5\\HCI\\HackerShelf\\vendor\\laravel\\framework\\src\\Illuminate\\Foundation\\resources\\server.php(23): require_once('C:\\\\Users\\\\Asus\\\\O...')
#59 {main}

[previous exception] [object] (PDOException(code: 42S02): SQLSTATE[42S02]: Base table or view not found: 1146 Table 'aol_hci.categories' doesn't exist at C:\\Users\\Asus\\OneDrive\\Documents\\Kuliah\\Semester5\\HCI\\HackerShelf\\vendor\\laravel\\framework\\src\\Illuminate\\Database\\Connection.php:406)
[stacktrace]
#0 C:\\Users\\Asus\\OneDrive\\Documents\\Kuliah\\Semester5\\HCI\\HackerShelf\\vendor\\laravel\\framework\\src\\Illuminate\\Database\\Connection.php(406): PDO->prepare('select * from `...')
#1 C:\\Users\\Asus\\OneDrive\\Documents\\Kuliah\\Semester5\\HCI\\HackerShelf\\vendor\\laravel\\framework\\src\\Illuminate\\Database\\Connection.php(811): Illuminate\\Database\\Connection->Illuminate\\Database\\{closure}('select * from `...', Array)
#2 C:\\Users\\Asus\\OneDrive\\Documents\\Kuliah\\Semester5\\HCI\\HackerShelf\\vendor\\laravel\\framework\\src\\Illuminate\\Database\\Connection.php(778): Illuminate\\Database\\Connection->runQueryCallback('select * from `...', Array, Object(Closure))
#3 C:\\Users\\Asus\\OneDrive\\Documents\\Kuliah\\Semester5\\HCI\\HackerShelf\\vendor\\laravel\\framework\\src\\Illuminate\\Database\\Connection.php(397): Illuminate\\Database\\Connection->run('select * from `...', Array, Object(Closure))
#4 C:\\Users\\Asus\\OneDrive\\Documents\\Kuliah\\Semester5\\HCI\\HackerShelf\\vendor\\laravel\\framework\\src\\Illuminate\\Database\\Query\\Builder.php(3188): Illuminate\\Database\\Connection->select('select * from `...', Array, true)
#5 C:\\Users\\Asus\\OneDrive\\Documents\\Kuliah\\Semester5\\HCI\\HackerShelf\\vendor\\laravel\\framework\\src\\Illuminate\\Database\\Query\\Builder.php(3173): Illuminate\\Database\\Query\\Builder->runSelect()
#6 C:\\Users\\Asus\\OneDrive\\Documents\\Kuliah\\Semester5\\HCI\\HackerShelf\\vendor\\laravel\\framework\\src\\Illuminate\\Database\\Query\\Builder.php(3763): Illuminate\\Database\\Query\\Builder->Illuminate\\Database\\Query\\{closure}()
#7 C:\\Users\\Asus\\OneDrive\\Documents\\Kuliah\\Semester5\\HCI\\HackerShelf\\vendor\\laravel\\framework\\src\\Illuminate\\Database\\Query\\Builder.php(3172): Illuminate\\Database\\Query\\Builder->onceWithColumns(Array, Object(Closure))
#8 C:\\Users\\Asus\\OneDrive\\Documents\\Kuliah\\Semester5\\HCI\\HackerShelf\\vendor\\laravel\\framework\\src\\Illuminate\\Database\\Eloquent\\Builder.php(902): Illuminate\\Database\\Query\\Builder->get(Array)
#9 C:\\Users\\Asus\\OneDrive\\Documents\\Kuliah\\Semester5\\HCI\\HackerShelf\\vendor\\laravel\\framework\\src\\Illuminate\\Database\\Eloquent\\Builder.php(884): Illuminate\\Database\\Eloquent\\Builder->getModels(Array)
#10 C:\\Users\\Asus\\OneDrive\\Documents\\Kuliah\\Semester5\\HCI\\HackerShelf\\vendor\\laravel\\framework\\src\\Illuminate\\Database\\Eloquent\\Model.php(770): Illuminate\\Database\\Eloquent\\Builder->get(Array)
#11 C:\\Users\\Asus\\OneDrive\\Documents\\Kuliah\\Semester5\\HCI\\HackerShelf\\app\\Http\\Controllers\\UserController.php(30): Illuminate\\Database\\Eloquent\\Model::all()
#12 C:\\Users\\Asus\\OneDrive\\Documents\\Kuliah\\Semester5\\HCI\\HackerShelf\\vendor\\laravel\\framework\\src\\Illuminate\\Routing\\ControllerDispatcher.php(46): App\\Http\\Controllers\\UserController->seeHome()
#13 C:\\Users\\Asus\\OneDrive\\Documents\\Kuliah\\Semester5\\HCI\\HackerShelf\\vendor\\laravel\\framework\\src\\Illuminate\\Routing\\Route.php(265): Illuminate\\Routing\\ControllerDispatcher->dispatch(Object(Illuminate\\Routing\\Route), Object(App\\Http\\Controllers\\UserController), 'seeHome')
#14 C:\\Users\\Asus\\OneDrive\\Documents\\Kuliah\\Semester5\\HCI\\HackerShelf\\vendor\\laravel\\framework\\src\\Illuminate\\Routing\\Route.php(211): Illuminate\\Routing\\Route->runController()
#15 C:\\Users\\Asus\\OneDrive\\Documents\\Kuliah\\Semester5\\HCI\\HackerShelf\\vendor\\laravel\\framework\\src\\Illuminate\\Routing\\Router.php(822): Illuminate\\Routing\\Route->run()
#16 C:\\Users\\Asus\\OneDrive\\Documents\\Kuliah\\Semester5\\HCI\\HackerShelf\\vendor\\laravel\\framework\\src\\Illuminate\\Pipeline\\Pipeline.php(180): Illuminate\\Routing\\Router->Illuminate\\Routing\\{closure}(Object(Illuminate\\Http\\Request))
#17 C:\\Users\\Asus\\OneDrive\\Documents\\Kuliah\\Semester5\\HCI\\HackerShelf\\vendor\\laravel\\framework\\src\\Illuminate\\Routing\\Middleware\\SubstituteBindings.php(50): Illuminate\\Pipeline\\Pipeline->Illuminate\\Pipeline\\{closure}(Object(Illuminate\\Http\\Request))
#18 C:\\Users\\Asus\\OneDrive\\Documents\\Kuliah\\Semester5\\HCI\\HackerShelf\\vendor\\laravel\\framework\\src\\Illuminate\\Pipeline\\Pipeline.php(219): Illuminate\\Routing\\Middleware\\SubstituteBindings->handle(Object(Illuminate\\Http\\Request), Object(Closure))
#19 C:\\Users\\Asus\\OneDrive\\Documents\\Kuliah\\Semester5\\HCI\\HackerShelf\\vendor\\laravel\\framework\\src\\Illuminate\\Foundation\\Http\\Middleware\\VerifyCsrfToken.php(87): Illuminate\\Pipeline\\Pipeline->Illuminate\\Pipeline\\{closure}(Object(Illuminate\\Http\\Request))
#20 C:\\Users\\Asus\\OneDrive\\Documents\\Kuliah\\Semester5\\HCI\\HackerShelf\\vendor\\laravel\\framework\\src\\Illuminate\\Pipeline\\Pipeline.php(219): Illuminate\\Foundation\\Http\\Middleware\\VerifyCsrfToken->handle(Object(Illuminate\\Http\\Request), Object(Closure))
#21 C:\\Users\\Asus\\OneDrive\\Documents\\Kuliah\\Semester5\\HCI\\HackerShelf\\vendor\\laravel\\framework\\src\\Illuminate\\View\\Middleware\\ShareErrorsFromSession.php(48): Illuminate\\Pipeline\\Pipeline->Illuminate\\Pipeline\\{closure}(Object(Illuminate\\Http\\Request))
#22 C:\\Users\\Asus\\OneDrive\\Documents\\Kuliah\\Semester5\\HCI\\HackerShelf\\vendor\\laravel\\framework\\src\\Illuminate\\Pipeline\\Pipeline.php(219): Illuminate\\View\\Middleware\\ShareErrorsFromSession->handle(Object(Illuminate\\Http\\Request), Object(Closure))
#23 C:\\Users\\Asus\\OneDrive\\Documents\\Kuliah\\Semester5\\HCI\\HackerShelf\\vendor\\laravel\\framework\\src\\Illuminate\\Session\\Middleware\\StartSession.php(120): Illuminate\\Pipeline\\Pipeline->Illuminate\\Pipeline\\{closure}(Object(Illuminate\\Http\\Request))
#24 C:\\Users\\Asus\\OneDrive\\Documents\\Kuliah\\Semester5\\HCI\\HackerShelf\\vendor\\laravel\\framework\\src\\Illuminate\\Session\\Middleware\\StartSession.php(63): Illuminate\\Session\\Middleware\\StartSession->handleStatefulRequest(Object(Illuminate\\Http\\Request), Object(Illuminate\\Session\\Store), Object(Closure))
#25 C:\\Users\\Asus\\OneDrive\\Documents\\Kuliah\\Semester5\\HCI\\HackerShelf\\vendor\\laravel\\framework\\src\\Illuminate\\Pipeline\\Pipeline.php(219): Illuminate\\Session\\Middleware\\StartSession->handle(Object(Illuminate\\Http\\Request), Object(Closure))
#26 C:\\Users\\Asus\\OneDrive\\Documents\\Kuliah\\Semester5\\HCI\\HackerShelf\\vendor\\laravel\\framework\\src\\Illuminate\\Cookie\\Middleware\\AddQueuedCookiesToResponse.php(36): Illuminate\\Pipeline\\Pipeline->Illuminate\\Pipeline\\{closure}(Object(Illuminate\\Http\\Request))
#27 C:\\Users\\Asus\\OneDrive\\Documents\\Kuliah\\Semester5\\HCI\\HackerShelf\\vendor\\laravel\\framework\\src\\Illuminate\\Pipeline\\Pipeline.php(219): Illuminate\\Cookie\\Middleware\\AddQueuedCookiesToResponse->handle(Object(Illuminate\\Http\\Request), Object(Closure))
#28 C:\\Users\\Asus\\OneDrive\\Documents\\Kuliah\\Semester5\\HCI\\HackerShelf\\vendor\\laravel\\framework\\src\\Illuminate\\Cookie\\Middleware\\EncryptCookies.php(74): Illuminate\\Pipeline\\Pipeline->Illuminate\\Pipeline\\{closure}(Object(Illuminate\\Http\\Request))
#29 C:\\Users\\Asus\\OneDrive\\Documents\\Kuliah\\Semester5\\HCI\\HackerShelf\\vendor\\laravel\\framework\\src\\Illuminate\\Pipeline\\Pipeline.php(219): Illuminate\\Cookie\\Middleware\\EncryptCookies->handle(Object(Illuminate\\Http\\Request), Object(Closure))
#30 C:\\Users\\Asus\\OneDrive\\Documents\\Kuliah\\Semester5\\HCI\\HackerShelf\\vendor\\laravel\\framework\\src\\Illuminate\\Pipeline\\Pipeline.php(137): Illuminate\\Pipeline\\Pipeline->Illuminate\\Pipeline\\{closure}(Object(Illuminate\\Http\\Request))
#31 C:\\Users\\Asus\\OneDrive\\Documents\\Kuliah\\Semester5\\HCI\\HackerShelf\\vendor\\laravel\\framework\\src\\Illuminate\\Routing\\Router.php(821): Illuminate\\Pipeline\\Pipeline->then(Object(Closure))
#32 C:\\Users\\Asus\\OneDrive\\Documents\\Kuliah\\Semester5\\HCI\\HackerShelf\\vendor\\laravel\\framework\\src\\Illuminate\\Routing\\Router.php(800): Illuminate\\Routing\\Router->runRouteWithinStack(Object(Illuminate\\Routing\\Route), Object(Illuminate\\Http\\Request))
#33 C:\\Users\\Asus\\OneDrive\\Documents\\Kuliah\\Semester5\\HCI\\HackerShelf\\vendor\\laravel\\framework\\src\\Illuminate\\Routing\\Router.php(764): Illuminate\\Routing\\Router->runRoute(Object(Illuminate\\Http\\Request), Object(Illuminate\\Routing\\Route))
#34 C:\\Users\\Asus\\OneDrive\\Documents\\Kuliah\\Semester5\\HCI\\HackerShelf\\vendor\\laravel\\framework\\src\\Illuminate\\Routing\\Router.php(753): Illuminate\\Routing\\Router->dispatchToRoute(Object(Illuminate\\Http\\Request))
#35 C:\\Users\\Asus\\OneDrive\\Documents\\Kuliah\\Semester5\\HCI\\HackerShelf\\vendor\\laravel\\framework\\src\\Illuminate\\Foundation\\Http\\Kernel.php(200): Illuminate\\Routing\\Router->dispatch(Object(Illuminate\\Http\\Request))
#36 C:\\Users\\Asus\\OneDrive\\Documents\\Kuliah\\Semester5\\HCI\\HackerShelf\\vendor\\laravel\\framework\\src\\Illuminate\\Pipeline\\Pipeline.php(180): Illuminate\\Foundation\\Http\\Kernel->Illuminate\\Foundation\\Http\\{closure}(Object(Illuminate\\Http\\Request))
#37 C:\\Users\\Asus\\OneDrive\\Documents\\Kuliah\\Semester5\\HCI\\HackerShelf\\vendor\\laravel\\framework\\src\\Illuminate\\Foundation\\Http\\Middleware\\TransformsRequest.php(21): Illuminate\\Pipeline\\Pipeline->Illuminate\\Pipeline\\{closure}(Object(Illuminate\\Http\\Request))
#38 C:\\Users\\Asus\\OneDrive\\Documents\\Kuliah\\Semester5\\HCI\\HackerShelf\\vendor\\laravel\\framework\\src\\Illuminate\\Foundation\\Http\\Middleware\\ConvertEmptyStringsToNull.php(31): Illuminate\\Foundation\\Http\\Middleware\\TransformsRequest->handle(Object(Illuminate\\Http\\Request), Object(Closure))
#39 C:\\Users\\Asus\\OneDrive\\Documents\\Kuliah\\Semester5\\HCI\\HackerShelf\\vendor\\laravel\\framework\\src\\Illuminate\\Pipeline\\Pipeline.php(219): Illuminate\\Foundation\\Http\\Middleware\\ConvertEmptyStringsToNull->handle(Object(Illuminate\\Http\\Request), Object(Closure))
#40 C:\\Users\\Asus\\OneDrive\\Documents\\Kuliah\\Semester5\\HCI\\HackerShelf\\vendor\\laravel\\framework\\src\\Illuminate\\Foundation\\Http\\Middleware\\TransformsRequest.php(21): Illuminate\\Pipeline\\Pipeline->Illuminate\\Pipeline\\{closure}(Object(Illuminate\\Http\\Request))
#41 C:\\Users\\Asus\\OneDrive\\Documents\\Kuliah\\Semester5\\HCI\\HackerShelf\\vendor\\laravel\\framework\\src\\Illuminate\\Foundation\\Http\\Middleware\\TrimStrings.php(51): Illuminate\\Foundation\\Http\\Middleware\\TransformsRequest->handle(Object(Illuminate\\Http\\Request), Object(Closure))
#42 C:\\Users\\Asus\\OneDrive\\Documents\\Kuliah\\Semester5\\HCI\\HackerShelf\\vendor\\laravel\\framework\\src\\Illuminate\\Pipeline\\Pipeline.php(219): Illuminate\\Foundation\\Http\\Middleware\\TrimStrings->handle(Object(Illuminate\\Http\\Request), Object(Closure))
#43 C:\\Users\\Asus\\OneDrive\\Documents\\Kuliah\\Semester5\\HCI\\HackerShelf\\vendor\\laravel\\framework\\src\\Illuminate\\Http\\Middleware\\ValidatePostSize.php(27): Illuminate\\Pipeline\\Pipeline->Illuminate\\Pipeline\\{closure}(Object(Illuminate\\Http\\Request))
#44 C:\\Users\\Asus\\OneDrive\\Documents\\Kuliah\\Semester5\\HCI\\HackerShelf\\vendor\\laravel\\framework\\src\\Illuminate\\Pipeline\\Pipeline.php(219): Illuminate\\Http\\Middleware\\ValidatePostSize->handle(Object(Illuminate\\Http\\Request), Object(Closure))
#45 C:\\Users\\Asus\\OneDrive\\Documents\\Kuliah\\Semester5\\HCI\\HackerShelf\\vendor\\laravel\\framework\\src\\Illuminate\\Foundation\\Http\\Middleware\\PreventRequestsDuringMaintenance.php(109): Illuminate\\Pipeline\\Pipeline->Illuminate\\Pipeline\\{closure}(Object(Illuminate\\Http\\Request))
#46 C:\\Users\\Asus\\OneDrive\\Documents\\Kuliah\\Semester5\\HCI\\HackerShelf\\vendor\\laravel\\framework\\src\\Illuminate\\Pipeline\\Pipeline.php(219): Illuminate\\Foundation\\Http\\Middleware\\PreventRequestsDuringMaintenance->handle(Object(Illuminate\\Http\\Request), Object(Closure))
#47 C:\\Users\\Asus\\OneDrive\\Documents\\Kuliah\\Semester5\\HCI\\HackerShelf\\vendor\\laravel\\framework\\src\\Illuminate\\Http\\Middleware\\HandleCors.php(48): Illuminate\\Pipeline\\Pipeline->Illuminate\\Pipeline\\{closure}(Object(Illuminate\\Http\\Request))
#48 C:\\Users\\Asus\\OneDrive\\Documents\\Kuliah\\Semester5\\HCI\\HackerShelf\\vendor\\laravel\\framework\\src\\Illuminate\\Pipeline\\Pipeline.php(219): Illuminate\\Http\\Middleware\\HandleCors->handle(Object(Illuminate\\Http\\Request), Object(Closure))
#49 C:\\Users\\Asus\\OneDrive\\Documents\\Kuliah\\Semester5\\HCI\\HackerShelf\\vendor\\laravel\\framework\\src\\Illuminate\\Http\\Middleware\\TrustProxies.php(58): Illuminate\\Pipeline\\Pipeline->Illuminate\\Pipeline\\{closure}(Object(Illuminate\\Http\\Request))
#50 C:\\Users\\Asus\\OneDrive\\Documents\\Kuliah\\Semester5\\HCI\\HackerShelf\\vendor\\laravel\\framework\\src\\Illuminate\\Pipeline\\Pipeline.php(219): Illuminate\\Http\\Middleware\\TrustProxies->handle(Object(Illuminate\\Http\\Request), Object(Closure))
#51 C:\\Users\\Asus\\OneDrive\\Documents\\Kuliah\\Semester5\\HCI\\HackerShelf\\vendor\\laravel\\framework\\src\\Illuminate\\Foundation\\Http\\Middleware\\InvokeDeferredCallbacks.php(22): Illuminate\\Pipeline\\Pipeline->Illuminate\\Pipeline\\{closure}(Object(Illuminate\\Http\\Request))
#52 C:\\Users\\Asus\\OneDrive\\Documents\\Kuliah\\Semester5\\HCI\\HackerShelf\\vendor\\laravel\\framework\\src\\Illuminate\\Pipeline\\Pipeline.php(219): Illuminate\\Foundation\\Http\\Middleware\\InvokeDeferredCallbacks->handle(Object(Illuminate\\Http\\Request), Object(Closure))
#53 C:\\Users\\Asus\\OneDrive\\Documents\\Kuliah\\Semester5\\HCI\\HackerShelf\\vendor\\laravel\\framework\\src\\Illuminate\\Http\\Middleware\\ValidatePathEncoding.php(26): Illuminate\\Pipeline\\Pipeline->Illuminate\\Pipeline\\{closure}(Object(Illuminate\\Http\\Request))
#54 C:\\Users\\Asus\\OneDrive\\Documents\\Kuliah\\Semester5\\HCI\\HackerShelf\\vendor\\laravel\\framework\\src\\Illuminate\\Pipeline\\Pipeline.php(219): Illuminate\\Http\\Middleware\\ValidatePathEncoding->handle(Object(Illuminate\\Http\\Request), Object(Closure))
#55 C:\\Users\\Asus\\OneDrive\\Documents\\Kuliah\\Semester5\\HCI\\HackerShelf\\vendor\\laravel\\framework\\src\\Illuminate\\Pipeline\\Pipeline.php(137): Illuminate\\Pipeline\\Pipeline->Illuminate\\Pipeline\\{closure}(Object(Illuminate\\Http\\Request))
#56 C:\\Users\\Asus\\OneDrive\\Documents\\Kuliah\\Semester5\\HCI\\HackerShelf\\vendor\\laravel\\framework\\src\\Illuminate\\Foundation\\Http\\Kernel.php(175): Illuminate\\Pipeline\\Pipeline->then(Object(Closure))
#57 C:\\Users\\Asus\\OneDrive\\Documents\\Kuliah\\Semester5\\HCI\\HackerShelf\\vendor\\laravel\\framework\\src\\Illuminate\\Foundation\\Http\\Kernel.php(144): Illuminate\\Foundation\\Http\\Kernel->sendRequestThroughRouter(Object(Illuminate\\Http\\Request))
#58 C:\\Users\\Asus\\OneDrive\\Documents\\Kuliah\\Semester5\\HCI\\HackerShelf\\vendor\\laravel\\framework\\src\\Illuminate\\Foundation\\Application.php(1220): Illuminate\\Foundation\\Http\\Kernel->handle(Object(Illuminate\\Http\\Request))
#59 C:\\Users\\Asus\\OneDrive\\Documents\\Kuliah\\Semester5\\HCI\\HackerShelf\\public\\index.php(20): Illuminate\\Foundation\\Application->handleRequest(Object(Illuminate\\Http\\Request))
#60 C:\\Users\\Asus\\OneDrive\\Documents\\Kuliah\\Semester5\\HCI\\HackerShelf\\vendor\\laravel\\framework\\src\\Illuminate\\Foundation\\resources\\server.php(23): require_once('C:\\\\Users\\\\Asus\\\\O...')
#61 {main}
"} 
